[    0.000000] Initializing cgroup subsys cpuset
[    0.000000] Initializing cgroup subsys cpu
[    0.000000] Initializing cgroup subsys cpuacct
[    0.000000] Linux version 4.4.0-159-generic (buildd@lgw01-amd64-042) (gcc version 5.4.0 20160609 (Ubuntu 5.4.0-6ubuntu1~16.04.10) ) #187-Ubuntu SMP Thu Aug 1 16:28:06 UTC 2019 (Ubuntu 4.4.0-159.187-generic 4.4.185)
[    0.000000] Command line: BOOT_IMAGE=/boot/vmlinuz-4.4.0-159-generic root=LABEL=cloudimg-rootfs ro console=tty1 console=ttyS0
[    0.000000] KERNEL supported cpus:
[    0.000000]   Intel GenuineIntel
[    0.000000]   AMD AuthenticAMD
[    0.000000]   Centaur CentaurHauls
[    0.000000] x86/fpu: Legacy x87 FPU detected.
[    0.000000] e820: BIOS-provided physical RAM map:
[    0.000000] BIOS-e820: [mem 0x0000000000000000-0x000000000009fbff] usable
[    0.000000] BIOS-e820: [mem 0x000000000009fc00-0x000000000009ffff] reserved
[    0.000000] BIOS-e820: [mem 0x00000000000f0000-0x00000000000fffff] reserved
[    0.000000] BIOS-e820: [mem 0x0000000000100000-0x000000002cfeffff] usable
[    0.000000] BIOS-e820: [mem 0x000000002cff0000-0x000000002cffffff] ACPI data
[    0.000000] BIOS-e820: [mem 0x00000000fec00000-0x00000000fec00fff] reserved
[    0.000000] BIOS-e820: [mem 0x00000000fee00000-0x00000000fee00fff] reserved
[    0.000000] BIOS-e820: [mem 0x00000000fffc0000-0x00000000ffffffff] reserved
[    0.000000] NX (Execute Disable) protection: active
[    0.000000] SMBIOS 2.5 present.
[    0.000000] Hypervisor detected: KVM
[    0.000000] e820: last_pfn = 0x2cff0 max_arch_pfn = 0x400000000
[    0.000000] MTRR: Disabled
[    0.000000] x86/PAT: MTRRs disabled, skipping PAT initialization too.
[    0.000000] CPU MTRRs all blank - virtualized system.
[    0.000000] x86/PAT: Configuration [0-7]: WB  WT  UC- UC  WB  WT  UC- UC  
[    0.000000] found SMP MP-table at [mem 0x0009fff0-0x0009ffff] mapped at [ffff88000009fff0]
[    0.000000] Scanning 1 areas for low memory corruption
[    0.000000] RAMDISK: [mem 0x2b961000-0x2c7dcfff]
[    0.000000] ACPI: Early table checksum verification disabled
[    0.000000] ACPI: RSDP 0x00000000000E0000 000024 (v02 VBOX  )
[    0.000000] ACPI: XSDT 0x000000002CFF0030 00003C (v01 VBOX   VBOXXSDT 00000001 ASL  00000061)
[    0.000000] ACPI: FACP 0x000000002CFF00F0 0000F4 (v04 VBOX   VBOXFACP 00000001 ASL  00000061)
[    0.000000] ACPI: DSDT 0x000000002CFF0470 0021FF (v02 VBOX   VBOXBIOS 00000002 INTL 20180105)
[    0.000000] ACPI: FACS 0x000000002CFF0200 000040
[    0.000000] ACPI: FACS 0x000000002CFF0200 000040
[    0.000000] ACPI: APIC 0x000000002CFF0240 000054 (v02 VBOX   VBOXAPIC 00000001 ASL  00000061)
[    0.000000] ACPI: SSDT 0x000000002CFF02A0 0001CC (v01 VBOX   VBOXCPUT 00000002 INTL 20180105)
[    0.000000] No NUMA configuration found
[    0.000000] Faking a node at [mem 0x0000000000000000-0x000000002cfeffff]
[    0.000000] NODE_DATA(0) allocated [mem 0x2cfeb000-0x2cfeffff]
[    0.000000] kvm-clock  Using msrs 4b564d01 and 4b564d00
[    0.000000] kvm-clock: cpu 0, msr 0:2cfe3001, primary cpu clock
[    0.000000] kvm-clock: using sched offset of 7556195996 cycles
[    0.000000] clocksource: kvm-clock: mask: 0xffffffffffffffff max_cycles: 0x1cd42e4dffb, max_idle_ns: 881590591483 ns
[    0.000000] Zone ranges:
[    0.000000]   DMA      [mem 0x0000000000001000-0x0000000000ffffff]
[    0.000000]   DMA32    [mem 0x0000000001000000-0x000000002cfeffff]
[    0.000000]   Normal   empty
[    0.000000]   Device   empty
[    0.000000] Movable zone start for each node
[    0.000000] Early memory node ranges
[    0.000000]   node   0: [mem 0x0000000000001000-0x000000000009efff]
[    0.000000]   node   0: [mem 0x0000000000100000-0x000000002cfeffff]
[    0.000000] Initmem setup node 0 [mem 0x0000000000001000-0x000000002cfeffff]
[    0.000000] ACPI: PM-Timer IO Port: 0x4008
[    0.000000] IOAPIC[0]: apic_id 1, version 32, address 0xfec00000, GSI 0-23
[    0.000000] ACPI: INT_SRC_OVR (bus 0 bus_irq 0 global_irq 2 dfl dfl)
[    0.000000] ACPI: INT_SRC_OVR (bus 0 bus_irq 9 global_irq 9 low level)
[    0.000000] Using ACPI (MADT) for SMP configuration information
[    0.000000] smpboot: Allowing 1 CPUs, 0 hotplug CPUs
[    0.000000] PM: Registered nosave memory: [mem 0x00000000-0x00000fff]
[    0.000000] PM: Registered nosave memory: [mem 0x0009f000-0x0009ffff]
[    0.000000] PM: Registered nosave memory: [mem 0x000a0000-0x000effff]
[    0.000000] PM: Registered nosave memory: [mem 0x000f0000-0x000fffff]
[    0.000000] e820: [mem 0x2d000000-0xfebfffff] available for PCI devices
[    0.000000] Booting paravirtualized kernel on KVM
[    0.000000] clocksource: refined-jiffies: mask: 0xffffffff max_cycles: 0xffffffff, max_idle_ns: 7645519600211568 ns
[    0.000000] setup_percpu: NR_CPUS:512 nr_cpumask_bits:512 nr_cpu_ids:1 nr_node_ids:1
[    0.000000] PERCPU: Embedded 34 pages/cpu @ffff88002cc00000 s99544 r8192 d31528 u2097152
[    0.000000] Built 1 zonelists in Node order, mobility grouping on.  Total pages: 181304
[    0.000000] Policy zone: DMA32
[    0.000000] Kernel command line: BOOT_IMAGE=/boot/vmlinuz-4.4.0-159-generic root=LABEL=cloudimg-rootfs ro console=tty1 console=ttyS0
[    0.000000] PID hash table entries: 4096 (order: 3, 32768 bytes)
[    0.000000] Memory: 690660K/736824K available (8618K kernel code, 1335K rwdata, 4032K rodata, 1488K init, 1284K bss, 46164K reserved, 0K cma-reserved)
[    0.000000] SLUB: HWalign=64, Order=0-3, MinObjects=0, CPUs=1, Nodes=1
[    0.000000] Kernel/User page tables isolation: enabled
[    0.000000] Hierarchical RCU implementation.
[    0.000000] 	Build-time adjustment of leaf fanout to 64.
[    0.000000] 	RCU restricting CPUs from NR_CPUS=512 to nr_cpu_ids=1.
[    0.000000] RCU: Adjusting geometry for rcu_fanout_leaf=64, nr_cpu_ids=1
[    0.000000] NR_IRQS:33024 nr_irqs:256 16
[    0.000000] Console: colour VGA+ 80x25
[    0.000000] console [tty1] enabled
[    0.000000] console [ttyS0] enabled
[    0.000000] tsc: Detected 2992.498 MHz processor
[    0.719530] Calibrating delay loop (skipped) preset value.. 5984.99 BogoMIPS (lpj=11969992)
[    0.722567] pid_max: default: 32768 minimum: 301
[    0.724157] ACPI: Core revision 20150930
[    0.726915] ACPI: 2 ACPI AML tables successfully acquired and loaded
[    0.729182] Security Framework initialized
[    0.730661] Yama: becoming mindful.
[    0.732099] AppArmor: AppArmor initialized
[    0.733724] Dentry cache hash table entries: 131072 (order: 8, 1048576 bytes)
[    0.736263] Inode-cache hash table entries: 65536 (order: 7, 524288 bytes)
[    0.748559] Mount-cache hash table entries: 2048 (order: 2, 16384 bytes)
[    0.750612] Mountpoint-cache hash table entries: 2048 (order: 2, 16384 bytes)
[    0.753244] Initializing cgroup subsys io
[    0.754720] Initializing cgroup subsys memory
[    0.756266] Initializing cgroup subsys devices
[    0.757858] Initializing cgroup subsys freezer
[    0.759401] Initializing cgroup subsys net_cls
[    0.760953] Initializing cgroup subsys perf_event
[    0.762597] Initializing cgroup subsys net_prio
[    0.764164] Initializing cgroup subsys hugetlb
[    0.765741] Initializing cgroup subsys pids
[    0.767330] mce: CPU supports 0 MCE banks
[    0.819610] process: using mwait in idle threads
[    0.821206] Last level iTLB entries: 4KB 128, 2MB 4, 4MB 4
[    0.837811] Last level dTLB entries: 4KB 256, 2MB 0, 4MB 32, 1GB 0
[    0.839758] Spectre V1 : Mitigation: usercopy/swapgs barriers and __user pointer sanitization
[    0.842739] Spectre V2 : Mitigation: Full generic retpoline
[    0.844577] Spectre V2 : Spectre v2 / SpectreRSB mitigation: Filling RSB on context switch
[    0.847480] Speculative Store Bypass: Vulnerable
[    0.849865] MDS: Vulnerable: Clear CPU buffers attempted, no microcode
[    1.477736] Freeing SMP alternatives memory: 36K
[    1.486696] ftrace: allocating 32318 entries in 127 pages
[    1.662071] smpboot: APIC(0) Converting physical 0 to logical package 0
[    1.668612] smpboot: Max logical packages: 1
[    1.670751] x2apic enabled
[    1.672441] Switched APIC routing to physical x2apic.
[    1.676472] ..TIMER: vector=0x30 apic1=0 pin1=2 apic2=-1 pin2=-1
[    1.697948] APIC calibration not consistent with PM-Timer: 192ms instead of 100ms
[    1.700640] APIC delta adjusted to PM-Timer: 6249976 (12000642)
[    1.753267] smpboot: CPU0: Intel(R) Core(TM)2 Duo CPU     E8400  @ 3.00GHz (family: 0x6, model: 0x17, stepping: 0xa)
[    1.757042] Performance Events: unsupported p6 CPU model 23 no PMU driver, software events only.
[    1.907757] KVM setup paravirtual spinlock
[    1.961426] x86: Booted up 1 node, 1 CPUs
[    1.962889] smpboot: Total of 1 processors activated (5984.99 BogoMIPS)
[    1.965424] devtmpfs: initialized
[    1.969084] evm: security.selinux
[    1.970391] evm: security.SMACK64
[    1.971666] evm: security.SMACK64EXEC
[    1.973044] evm: security.SMACK64TRANSMUTE
[    1.974499] evm: security.SMACK64MMAP
[    1.975883] evm: security.ima
[    1.977086] evm: security.capability
[    1.978582] clocksource: jiffies: mask: 0xffffffff max_cycles: 0xffffffff, max_idle_ns: 7645041785100000 ns
[    1.981860] futex hash table entries: 256 (order: 2, 16384 bytes)
[    1.983931] pinctrl core: initialized pinctrl subsystem
[    1.985841] RTC time: 17:05:51, date: 08/23/19
[    1.987673] NET: Registered protocol family 16
[    1.989505] cpuidle: using governor ladder
[    1.990966] cpuidle: using governor menu
[    1.992420] PCCT header not found.
[    1.993765] ACPI: bus type PCI registered
[    1.995226] acpiphp: ACPI Hot Plug PCI Controller Driver version: 0.5
[    1.997363] PCI: Using configuration type 1 for base access
[    2.000707] ACPI: Added _OSI(Module Device)
[    2.002227] ACPI: Added _OSI(Processor Device)
[    2.003766] ACPI: Added _OSI(3.0 _SCP Extensions)
[    2.005379] ACPI: Added _OSI(Processor Aggregator Device)
[    2.064303] ACPI: Executed 1 blocks of module-level executable AML code
[    2.068866] ACPI: Interpreter enabled
[    2.070239] ACPI: (supports S0 S5)
[    2.071558] ACPI: Using IOAPIC for interrupt routing
[    2.073423] PCI: Using host bridge windows from ACPI; if necessary, use "pci=nocrs" and report a bug
[    2.080964] ACPI: PCI Root Bridge [PCI0] (domain 0000 [bus 00-ff])
[    2.082902] acpi PNP0A03:00: _OSC: OS supports [ASPM ClockPM Segments MSI]
[    2.085058] acpi PNP0A03:00: _OSC: not requesting OS control; OS requires [ExtendedConfig ASPM ClockPM MSI]
[    2.098283] acpi PNP0A03:00: fail to add MMCONFIG information, can't access extended PCI configuration space under this bridge.
[    2.102277] PCI host bridge to bus 0000:00
[    2.103749] pci_bus 0000:00: root bus resource [io  0x0000-0x0cf7 window]
[    2.105857] pci_bus 0000:00: root bus resource [io  0x0d00-0xffff window]
[    2.168663] pci_bus 0000:00: root bus resource [mem 0x000a0000-0x000bffff window]
[    2.171359] pci_bus 0000:00: root bus resource [mem 0x2d000000-0xfdffffff window]
[    2.174069] pci_bus 0000:00: root bus resource [bus 00-ff]
[    2.178263] pci 0000:00:01.1: legacy IDE quirk: reg 0x10: [io  0x01f0-0x01f7]
[    2.180445] pci 0000:00:01.1: legacy IDE quirk: reg 0x14: [io  0x03f6]
[    2.182483] pci 0000:00:01.1: legacy IDE quirk: reg 0x18: [io  0x0170-0x0177]
[    2.184658] pci 0000:00:01.1: legacy IDE quirk: reg 0x1c: [io  0x0376]
[    2.207091] pci 0000:00:07.0: quirk: [io  0x4000-0x403f] claimed by PIIX4 ACPI
[    2.275158] pci 0000:00:07.0: quirk: [io  0x4100-0x410f] claimed by PIIX4 SMB
[    2.284084] ACPI: PCI Interrupt Link [LNKA] (IRQs 5 9 10 *11)
[    2.308356] ACPI: PCI Interrupt Link [LNKB] (IRQs 5 9 *10 11)
[    2.310902] ACPI: PCI Interrupt Link [LNKC] (IRQs 5 *9 10 11)
[    2.313468] ACPI: PCI Interrupt Link [LNKD] (IRQs 5 9 10 *11)
[    2.316081] ACPI: Enabled 2 GPEs in block 00 to 07
[    2.318696] vgaarb: setting as boot device: PCI:0000:00:02.0
[    2.320538] vgaarb: device added: PCI:0000:00:02.0,decodes=io+mem,owns=io+mem,locks=none
[    2.374180] vgaarb: loaded
[    2.388158] vgaarb: bridge control possible 0000:00:02.0
[    2.391669] SCSI subsystem initialized
[    2.394042] ACPI: bus type USB registered
[    2.396156] usbcore: registered new interface driver usbfs
[    2.398798] usbcore: registered new interface driver hub
[    2.401283] usbcore: registered new device driver usb
[    2.404244] PCI: Using ACPI for IRQ routing
[    2.407077] NetLabel: Initializing
[    2.408889] NetLabel:  domain hash size = 128
[    2.410481] NetLabel:  protocols = UNLABELED CIPSOv4
[    2.412214] NetLabel:  unlabeled traffic allowed by default
[    2.478326] amd_nb: Cannot enumerate AMD northbridges
[    2.480159] clocksource: Switched to clocksource kvm-clock
[    2.493753] AppArmor: AppArmor Filesystem Enabled
[    2.518351] pnp: PnP ACPI init
[    2.521352] pnp: PnP ACPI: found 3 devices
[    2.580269] clocksource: acpi_pm: mask: 0xffffff max_cycles: 0xffffff, max_idle_ns: 2085701024 ns
[    2.583380] NET: Registered protocol family 2
[    2.585381] TCP established hash table entries: 8192 (order: 4, 65536 bytes)
[    2.587623] TCP bind hash table entries: 8192 (order: 5, 131072 bytes)
[    2.598554] TCP: Hash tables configured (established 8192 bind 8192)
[    2.600681] UDP hash table entries: 512 (order: 2, 16384 bytes)
[    2.618074] UDP-Lite hash table entries: 512 (order: 2, 16384 bytes)
[    2.620202] NET: Registered protocol family 1
[    2.621809] pci 0000:00:00.0: Limiting direct PCI/PCI transfers
[    2.623749] pci 0000:00:01.0: Activating ISA DMA hang workarounds
[    2.625982] Unpacking initramfs...
[    3.107391] Freeing initrd memory: 14832K
[    3.128234] clocksource: tsc: mask: 0xffffffffffffffff max_cycles: 0x2b2296bc2b9, max_idle_ns: 440795321505 ns
[    3.200556] platform rtc_cmos: registered platform RTC device (no PNP device found)
[    3.203398] Scanning for low memory corruption every 60 seconds
[    3.205781] audit: initializing netlink subsys (disabled)
[    3.207605] audit: type=2000 audit(1566579960.362:1): initialized
[    3.209983] Initialise system trusted keyring
[    3.211694] HugeTLB registered 2 MB page size, pre-allocated 0 pages
[    3.215338] zbud: loaded
[    3.216821] VFS: Disk quotas dquot_6.6.0
[    3.218320] VFS: Dquot-cache hash table entries: 512 (order 0, 4096 bytes)
[    3.220775] squashfs: version 4.0 (2009/01/31) Phillip Lougher
[    3.223962] fuse init (API version 7.23)
[    3.225654] Key type big_key registered
[    3.227103] Allocating IMA MOK and blacklist keyrings.
[    3.229312] Key type asymmetric registered
[    3.230858] Asymmetric key parser 'x509' registered
[    3.232572] Block layer SCSI generic (bsg) driver version 0.4 loaded (major 249)
[    3.235389] io scheduler noop registered
[    3.236913] io scheduler deadline registered (default)
[    3.238691] io scheduler cfq registered
[    3.240274] pci_hotplug: PCI Hot Plug PCI Core version: 0.5
[    3.242171] pciehp: PCI Express Hot Plug Controller Driver version: 0.4
[    3.244481] ACPI: AC Adapter [AC] (on-line)
[    3.246067] input: Power Button as /devices/LNXSYSTM:00/LNXPWRBN:00/input/input0
[    3.304516] ACPI: Power Button [PWRF]
[    3.305986] input: Sleep Button as /devices/LNXSYSTM:00/LNXSLPBN:00/input/input1
[    3.318703] ACPI: Sleep Button [SLPF]
[    3.320328] GHES: HEST is not enabled!
[    3.338066] Serial: 8250/16550 driver, 32 ports, IRQ sharing enabled
[    3.403867] 00:02: ttyS0 at I/O 0x3f8 (irq = 4, base_baud = 115200) is a 16550A
[    3.407898] Linux agpgart interface v0.103
[    3.410832] loop: module loaded
[    3.412898] scsi host0: ata_piix
[    3.414276] scsi host1: ata_piix
[    3.415578] ata1: PATA max UDMA/33 cmd 0x1f0 ctl 0x3f6 bmdma 0xd000 irq 14
[    3.438550] ata2: PATA max UDMA/33 cmd 0x170 ctl 0x376 bmdma 0xd008 irq 15
[    3.441413] libphy: Fixed MDIO Bus: probed
[    3.442888] tun: Universal TUN/TAP device driver, 1.6
[    3.444606] tun: (C) 1999-2004 Max Krasnyansky <maxk@qualcomm.com>
[    3.446614] PPP generic driver version 2.4.2
[    3.448212] ehci_hcd: USB 2.0 'Enhanced' Host Controller (EHCI) Driver
[    3.450330] ehci-pci: EHCI PCI platform driver
[    3.451901] ehci-platform: EHCI generic platform driver
[    3.504431] ohci_hcd: USB 1.1 'Open' Host Controller (OHCI) Driver
[    3.514767] ohci-pci: OHCI PCI platform driver
[    3.517016] ohci-platform: OHCI generic platform driver
[    3.519457] uhci_hcd: USB Universal Host Controller Interface driver
[    3.522494] i8042: PNP: PS/2 Controller [PNP0303:PS2K,PNP0f03:PS2M] at 0x60,0x64 irq 1,12
[    3.527476] serio: i8042 KBD port at 0x60,0x64 irq 1
[    3.529885] serio: i8042 AUX port at 0x60,0x64 irq 12
[    3.533111] mousedev: PS/2 mouse device common for all mice
[    3.536575] input: AT Translated Set 2 keyboard as /devices/platform/i8042/serio0/input/input2
[    3.541518] rtc_cmos rtc_cmos: rtc core: registered rtc_cmos as rtc0
[    3.544904] rtc_cmos rtc_cmos: alarms up to one day, 114 bytes nvram
[    3.548018] i2c /dev entries driver
[    3.550048] device-mapper: uevent: version 1.0.3
[    3.552532] device-mapper: ioctl: 4.34.0-ioctl (2015-10-28) initialised: dm-devel@redhat.com
[    3.557051] ledtrig-cpu: registered to indicate activity on CPUs
[    3.560476] NET: Registered protocol family 10
[    3.563107] NET: Registered protocol family 17
[    3.565483] Key type dns_resolver registered
[    3.608785] registered taskstats version 1
[    3.610277] Loading compiled-in X.509 certificates
[    3.612850] Loaded X.509 cert 'Build time autogenerated kernel key: d14182f9795b80ec340f636a5a08bf5817ccd8e7'
[    3.616170] zswap: loaded using pool lzo/zbud
[    3.649903] Key type trusted registered
[    3.721318] Key type encrypted registered
[    3.722846] AppArmor: AppArmor sha1 policy hashing enabled
[    3.724698] ima: No TPM chip found, activating TPM-bypass!
[    3.726485] ima: Allocated hash algorithm: sha1
[    3.728119] evm: HMAC attrs: 0x1
[    3.729765]   Magic number: 15:58:88
[    3.731205] rtc_cmos rtc_cmos: setting system clock to 2019-08-23 17:05:53 UTC (1566579953)
[    3.734219] BIOS EDD facility v0.16 2004-Jun-25, 0 devices found
[    3.736118] EDD information not available.
[    3.752666] Freeing unused kernel memory: 1488K
[    3.764204] Write protecting the kernel read-only data: 14336k
[    3.819017] Freeing unused kernel memory: 1608K
[    3.820846] Freeing unused kernel memory: 64K
Loading, please wait...
starting version 229
[    4.060298] random: systemd-udevd: uninitialized urandom read (16 bytes read, 3 bits of entropy available)
[    4.073648] random: udevadm: uninitialized urandom read (16 bytes read, 3 bits of entropy available)
[    4.128161] random: systemd-udevd: uninitialized urandom read (16 bytes read, 3 bits of entropy available)
[    4.131429] random: systemd-udevd: uninitialized urandom read (16 bytes read, 3 bits of entropy available)
[    4.134710] random: systemd-udevd: uninitialized urandom read (16 bytes read, 3 bits of entropy available)
[    4.140857] random: udevadm: uninitialized urandom read (16 bytes read, 3 bits of entropy available)
[    4.237897] random: systemd-udevd: uninitialized urandom read (16 bytes read, 3 bits of entropy available)
[    4.261485] random: systemd-udevd: uninitialized urandom read (16 bytes read, 3 bits of entropy available)
[    4.274741] random: udevadm: uninitialized urandom read (16 bytes read, 3 bits of entropy available)
[    4.277994] random: systemd-udevd: uninitialized urandom read (16 bytes read, 3 bits of entropy available)
[    4.983988] Fusion MPT base driver 3.04.20
[    5.058806] Copyright (c) 1999-2008 LSI Corporation
[    5.062376] e1000: Intel(R) PRO/1000 Network Driver - version 7.3.21-k8-NAPI
[    5.064569] e1000: Copyright (c) 1999-2006 Intel Corporation.
[    5.298694] input: ImExPS/2 Generic Explorer Mouse as /devices/platform/i8042/serio1/input/input4
[    5.625938] Fusion MPT SPI Host driver 3.04.20
[    6.385403] e1000 0000:00:03.0 eth0: (PCI:33MHz:32-bit) 02:6a:5b:40:72:6f
[    6.413986] e1000 0000:00:03.0 eth0: Intel(R) PRO/1000 Network Connection
[    6.422096] e1000 0000:00:03.0 enp0s3: renamed from eth0
[    6.424208] mptbase: ioc0: Initiating bringup
[    6.488761] ioc0: LSI53C1030 A0: Capabilities={Initiator}
[    6.650065] scsi host2: ioc0: LSI53C1030 A0, FwRev=00000000h, Ports=1, MaxQ=256, IRQ=20
[    6.796297] scsi 2:0:0:0: Direct-Access     VBOX     HARDDISK         1.0  PQ: 0 ANSI: 5
[    6.802651] scsi target2:0:0: Beginning Domain Validation
[    6.822310] scsi target2:0:0: Domain Validation skipping write tests
[    6.828898] scsi target2:0:0: Ending Domain Validation
[    6.842346] scsi target2:0:0: asynchronous
[    6.869451] scsi 2:0:1:0: Direct-Access     VBOX     HARDDISK         1.0  PQ: 0 ANSI: 5
[    6.929911] scsi target2:0:1: Beginning Domain Validation
[    6.933508] scsi target2:0:1: Domain Validation skipping write tests
[    6.935479] scsi target2:0:1: Ending Domain Validation
[    6.937289] scsi target2:0:1: asynchronous
[    6.944436] sd 2:0:0:0: Attached scsi generic sg0 type 0
[    6.946352] sd 2:0:0:0: [sda] 20971520 512-byte logical blocks: (10.7 GB/10.0 GiB)
[    6.959920] sd 2:0:1:0: [sdb] 20480 512-byte logical blocks: (10.5 MB/10.0 MiB)
[    6.963943] sd 2:0:1:0: Attached scsi generic sg1 type 0
[    6.966470] sd 2:0:1:0: [sdb] Write Protect is off
[    7.046925] sd 2:0:0:0: [sda] Write Protect is off
[    7.048654] sd 2:0:1:0: [sdb] Incomplete mode parameter data
[    7.068211] sd 2:0:1:0: [sdb] Assuming drive cache: write through
[    7.070329] sd 2:0:0:0: [sda] Incomplete mode parameter data
[    7.072234] sd 2:0:0:0: [sda] Assuming drive cache: write through
[    7.099880]  sda: sda1
[    7.140136] sd 2:0:1:0: [sdb] Attached SCSI disk
[    7.142439] sd 2:0:0:0: [sda] Attached SCSI disk
Begin: Loading essential drivers ... [   10.476779] md: linear personality registered for level -1
[   10.511910] md: multipath personality registered for level -4
[   10.596337] md: raid0 personality registered for level 0
[   10.677391] md: raid1 personality registered for level 1
[   10.782349] raid6: sse2x1   gen()  1630 MB/s
[   10.887194] raid6: sse2x1   xor()  3904 MB/s
[   10.992158] raid6: sse2x2   gen()  4297 MB/s
[   11.097223] raid6: sse2x2   xor()  4718 MB/s
[   11.198473] raid6: sse2x4   gen()  5520 MB/s
[   11.302099] raid6: sse2x4   xor()  3754 MB/s
[   11.303842] raid6: using algorithm sse2x4 gen() 5520 MB/s
[   11.305706] raid6: .... xor() 3754 MB/s, rmw enabled
[   11.307432] raid6: using ssse3x2 recovery algorithm
[   11.344130] xor: measuring software checksum speed
[   11.536604]    prefetch64-sse: 29997.000 MB/sec
[   11.722196]    generic_sse: 26729.000 MB/sec
[   11.723779] xor: using function: prefetch64-sse (29997.000 MB/sec)
[   11.736016] async_tx: api initialized (async)
[   11.834389] md: raid6 personality registered for level 6
[   11.838286] md: raid5 personality registered for level 5
[   11.840044] md: raid4 personality registered for level 4
[   11.965040] md: raid10 personality registered for level 10
done.
Begin: Running /scripts/init-premount ... done.
Begin: Mounting root file system ... Begin: Running /scripts/local-top ... done.
Begin: Running /scripts/local-premount ... [   12.288816] Btrfs loaded
Scanning for Btrfs filesystems
done.
Warning: fsck not present, so skipping root file system
[   12.712150] EXT4-fs (sda1): mounted filesystem with ordered data mode. Opts: (null)
done.
Begin: Running /scripts/local-bottom ... done.
Begin: Running /scripts/init-bottom ... done.
[   13.740816] random: nonblocking pool is initialized
[   13.791061] systemd[1]: systemd 229 running in system mode. (+PAM +AUDIT +SELINUX +IMA +APPARMOR +SMACK +SYSVINIT +UTMP +LIBCRYPTSETUP +GCRYPT +GNUTLS +ACL +XZ -LZ4 +SECCOMP +BLKID +ELFUTILS +KMOD -IDN)
[   13.802325] systemd[1]: Detected virtualization oracle.
[   13.804075] systemd[1]: Detected architecture x86-64.

Welcome to [1mUbuntu 16.04.6 LTS[0m!

[   13.818552] systemd[1]: Set hostname to <ubuntu>.
[   13.843857] systemd[1]: Initializing machine ID from random generator.
[   13.888759] systemd[1]: Installed transient /etc/machine-id file.
[   15.238011] systemd[1]: Created slice System Slice.
[[0;32m  OK  [0m] Created slice System Slice.
[   15.273403] systemd[1]: Set up automount Arbitrary Executable File Formats File System Automount Point.
[[0;32m  OK  [0m] Set up automount Arbitrary Executab...ats File System Automount Point.
[   15.288299] systemd[1]: Listening on Journal Socket.
[[0;32m  OK  [0m] Listening on Journal Socket.
[   15.298333] systemd[1]: Mounting Debug File System...
         Mounting Debug File System...
[   15.463910] systemd[1]: Listening on udev Kernel Socket.
[[0;32m  OK  [0m] Listening on udev Kernel Socket.
[   15.467825] systemd[1]: Reached target User and Group Name Lookups.
[[0;32m  OK  [0m] Reached target User and Group Name Lookups.
[   15.472357] systemd[1]: Listening on Device-mapper event daemon FIFOs.
[[0;32m  OK  [0m] Listening on Device-mapper event daemon FIFOs.
[   15.476550] systemd[1]: Reached target Swap.
[[0;32m  OK  [0m] Reached target Swap.
[   15.482739] systemd[1]: Listening on LVM2 poll daemon socket.
[[0;32m  OK  [0m] Listening on LVM2 poll daemon socket.
[   15.540571] systemd[1]: Starting Nameserver information manager...
         Starting Nameserver information manager...
[   15.644635] systemd[1]: Starting Load Kernel Modules...
         Starting Load Kernel Modules...
[   15.675237] systemd[1]: Starting Set console keymap...
         Starting Set console keymap...
[   15.822100] systemd[1]: Mounting Huge Pages File System...
         Mounting Huge Pages File System...
[   15.904776] systemd[1]: Listening on Journal Socket (/dev/log).
[   15.911877] Loading iSCSI transport class v2.0-870.
[[0;32m  OK  [0m] Listening on Journal Socket (/dev/log).
[   15.920783] systemd[1]: Listening on LVM2 metadata daemon socket.
[[0;32m  OK  [0m] Listening on LVM2 metadata daemon socket.
[   15.948619] systemd[1]: Started Trigger resolvconf update for networkd DNS.
[[0;32m  OK  [0[   16.033523] iscsi: registered transport (tcp)
m] Started Trigger resolvconf update for networkd DNS.
[   16.095441] systemd[1]: Starting Create list of required static device nodes for the current kernel...
         Starting Create list of required st... nodes for the current kernel...
[   16.128825] systemd[1]: Listening on /dev/initctl Compatibility Named Pipe.
[[0;32m  OK  [0m] Listening on /dev/initctl Compatibility Named Pipe.
[   16.213192] systemd[1]: Mounting POSIX Message Queue File System...
         Mounting POSIX Message Queue File System...
[   16.458411] systemd[1]: Listening on Syslog Socket.
[[0;32m  OK  [0m] Listening on Syslog Socket.
[   16.508629] systemd[1]: Reached target Encrypted Volumes.
[[0;32m  OK  [0m] Reached target Encrypted Volumes.
[   16.566358] systemd[1]: Listening on udev Control Socket.
[[0;32m  OK  [0[   16.621978] iscsi: registered transport (iser)
m] Listening on udev Control Socket.
[   16.701679] systemd[1]: Listening on Journal Audit Socket.
[[0;32m  OK  [0m] Listening on Journal Audit Socket.
[   16.823541] systemd[1]: Created slice system-serial\x2dgetty.slice.
[[0;32m  OK  [0m] Created slice system-serial\x2dgetty.slice.
[   16.867774] systemd[1]: Starting Uncomplicated firewall...
         Starting Uncomplicated firewall...
[   17.013845] systemd[1]: Created slice User and Session Slice.
[[0;32m  OK  [0m] Created slice User and Session Slice.
[   17.114844] systemd[1]: Reached target Slices.
[[0;32m  OK  [0m] Reached target Slices.
[   17.204592] systemd[1]: Starting Journal Service...
         Starting Journal Service...
[   17.217490] systemd[1]: Reached target System Time Synchronized.
[[0;32m  OK  [0m] Reached target System Time Synchronized.
[   17.324734] systemd[1]: Starting Monitoring of LVM2 mirrors, snapshots etc. using dmeventd or progress polling...
         Starting Monitoring of LVM2 mirrors... dmeventd or progress polling...
[   17.491072] systemd[1]: Started Forward Password Requests to Wall Directory Watch.
[[0;32m  OK  [0m] Started Forward Password Requests to Wall Directory Watch.
[   17.635356] systemd[1]: Starting Remount Root and Kernel File Systems...
         [   17.790820] EXT4-fs (sda1): re-mounted. Opts: (null)
Starting Remount Root and Kernel File Systems...
[   17.808397] systemd[1]: Mounted Huge Pages File System.
[[0;32m  OK  [0m] Mounted Huge Pages File System.
[   17.821724] systemd[1]: Mounted POSIX Message Queue File System.
[[0;32m  OK  [0m] Mounted POSIX Message Queue File System.
[   17.894062] systemd[1]: Mounted Debug File System.
[[0;32m  OK  [0m] Mounted Debug File System.
[   17.920757] systemd[1]: Started Journal Service.
[[0;32m  OK  [0m] Started Journal Service.
[[0;32m  OK  [0m] Started Load Kernel Modules.
[[0;32m  OK  [0m] Started Set console keymap.
[[0;32m  OK  [0m] Started Create list of required sta...ce nodes for the current kernel.
[[0;32m  OK  [0m] Started Uncomplicated firewall.
[[0;32m  OK  [0m] Started Remount Root and Kernel File Systems.
[[0;32m  OK  [0m] Started Nameserver information manager.
[[0;32m  OK  [0m] Started LVM2 metadata daemon.
         Starting udev Coldplug all Devices...
         Starting Load/Save Random Seed...
         Starting Create Static Device Nodes in /dev...
         Starting Apply Kernel Variables...
         Mounting FUSE Control File System...
         Starting Flush Journal to Persistent Storage...
[[0;32m  OK  [0m] Started Load/Save Random Seed.
[[0;32m  OK  [0m] Mounted FUSE Control File System.
[[0;32m  OK  [0m] Started Create Static Device Nodes in /dev.
[[0;32m  OK  [0m] Started Monitoring of LVM2 mirrors,...ng dmeventd or progress polling.
[[0;32m  OK  [0m] Started Apply Kernel Variables.
[[0;32m  OK  [0m] Started Flush Journal to Persistent Storage.
[[0;32m  OK  [0m] Started udev Coldplug all Devices.
         Starting udev Kernel Device Manager...
[[0;32m  OK  [0m] Reached target Local File Systems (Pre).
[[0;32m  OK  [0m] Reached target Local File Systems.
         Starting Initial cloud-init job (pre-networking)...
         Starting Commit a transient machine-id on disk...
         Starting Create Volatile Files and Directories...
         Starting Set console font and keymap...
         Starting LSB: AppArmor initialization...
         Starting Tell Plymouth To Write Out Runtime Data...
[[0;32m  OK  [0m] Started Commit a transient machine-id on disk.
[[0;32m  OK  [0m] Started Tell Plymouth To Write Out Runtime Data.
[[0;32m  OK  [0m] Started Create Volatile Files and Directories.
         Starting Update UTMP about System Boot/Shutdown...
[[0;32m  OK  [0m] Started Update UTMP about System Boot/Shutdown.
[[0;32m  OK  [0m] Started udev Kernel Device Manager.
[[0;32m  OK  [0m] Started Dispatch Password Requests to Console Directory Watch.
[[0;32m  OK  [0m] Found device /dev/ttyS0.
[[0;32m  OK  [0m] Listening on Load/Save RF Kill Switch Status /dev/rfkill Watch.
[[0;32m  OK  [0m] Started LSB: AppArmor initialization.
[   33.993479] cloud-init[454]: Cloud-init v. 19.1-1-gbaa47854-0ubuntu1~16.04.1 running 'init-local' at Fri, 23 Aug 2019 17:06:20 +0000. Up 29.27 seconds.
[[0;32m  OK  [0m] Started Initial cloud-init job (pre-networking).
[[0;32m  OK  [0m] Reached target Network (Pre).
         Starting Raise network interfaces...
[[0;32m  OK  [0m] Started Set console font and keymap.
[[0;32m  OK  [0m] Created slice system-getty.slice.
[[0;32m  OK  [0m] Started Raise network interfaces.
[[0;32m  OK  [0m] Reached target Network.
         Starting Initial cloud-init job (metadata service crawler)...
[   45.533926] cloud-init[936]: Cloud-init v. 19.1-1-gbaa47854-0ubuntu1~16.04.1 running 'init' at Fri, 23 Aug 2019 17:06:33 +0000. Up 41.68 seconds.
[   45.551334] cloud-init[936]: ci-info: ++++++++++++++++++++++++++++++++++++++Net device info++++++++++++++++++++++++++++++++++++++
[   45.557517] cloud-init[936]: ci-info: +--------+------+----------------------------+---------------+--------+-------------------+
[   45.569230] cloud-init[936]: ci-info: | Device |  Up  |          Address           |      Mask     | Scope  |     Hw-Address    |
[   45.625342] cloud-init[936]: ci-info: +--------+------+----------------------------+---------------+--------+-------------------+
[   45.733022] cloud-init[936]: ci-info: | enp0s3 | True |         10.0.2.15          | 255.255.255.0 | global | 02:6a:5b:40:72:6f |
[   45.825235] cloud-init[936]: ci-info: | enp0s3 | True | fe80::6a:5bff:fe40:726f/64 |       .       |  link  | 02:6a:5b:40:72:6f |
[   45.828981] cloud-init[936]: ci-info: |   lo   | True |         127.0.0.1          |   255.0.0.0   |  host  |         .         |
[   45.941225] cloud-init[936]: ci-info: |   lo   | True |          ::1/128           |       .       |  host  |         .         |
[   46.098361] cloud-init[936]: ci-info: +--------+------+----------------------------+---------------+--------+-------------------+
[[   46.113330] cloud-init[936]: ci-info: +++++++++++++++++++++++++++Route IPv4 info++++++++++++++++++++++++++++[0;32m  OK  [0m] Started Initial cloud-init job (metadata service crawler).

[   46.125159] cloud-init[936]: ci-info: +-------+-------------+----------+---------------+-----------+-------+[[0;32m  OK  [0m] Reached target Network is Online.
[   46.141229] cloud-init[936]: ci-info: | Route | Destination | Gateway  |    Genmask    | Interface | Flags |
         
[   46.150657] cloud-init[936]: ci-info: +-------+-------------+----------+---------------+-----------+-------+
[   46.150884] cloud-init[936]: ci-info: |   0   |   0.0.0.0   | 10.0.2.2 |    0.0.0.0    |   enp0s3  |   UG  |
[   46.151111] cloud-init[936]: ci-info: |   1   |   10.0.2.0  | 0.0.0.0  | 255.255.255.0 |   enp0s3  |   U   |
[   46.151337] cloud-init[936]: ci-info: +-------+-------------+----------+---------------+-----------+-------+
[   46.151561] cloud-init[936]: ci-info: +++++++++++++++++++Route IPv6 info+++++++++++++++++++
[   46.151844] cloud-init[936]: ci-info: +-------+-------------+---------+-----------+-------+
[   46.152072] cloud-init[936]: ci-info: | Route | Destination | Gateway | Interface | Flags |
[   46.152299] cloud-init[936]: ci-info: +-------+-------------+---------+-----------+-------+
[   46.152522] cloud-init[936]: ci-info: |   0   |  fe80::/64  |    ::   |   enp0s3  |   U   |
[   46.152750] cloud-init[936]: ci-info: |   4   |   ff00::/8  |    ::   |   enp0s3  |   U   |
[   46.152974] cloud-init[936]: ci-info: +-------+-------------+---------+-----------+-------+
[   46.153369] cloud-init[936]: Generating public/private rsa key pair.
[   46.153598] cloud-init[936]: Your identification has been saved in /etc/ssh/ssh_host_rsa_key.
[   46.153823] cloud-init[936]: Your public key has been saved in /etc/ssh/ssh_host_rsa_key.pub.
[   46.154046] cloud-init[936]: The key fingerprint is:
[   46.154311] cloud-init[936]: SHA256:ifhLLLMr9/Dqk7SJCYmbqumAK9D49zSl2y/2KsbjlPU root@ubuntu-xenial
[   46.154578] cloud-init[936]: The key's randomart image is:
[   46.154806] cloud-init[936]: +---[RSA 2048]----+
[   46.155044] cloud-init[936]: |                 |
[   46.155267] cloud-init[936]: |                 |
[   46.155492] cloud-init[936]: |                 |
[   46.155739] cloud-init[936]: |     . . .       |
[   46.155964] cloud-init[936]: |.+  . . S        |
[   46.156187] cloud-init[936]: |B . .o = .       |
[   46.156414] cloud-init[936]: |+= ++=X   E      |
[   46.156638] cloud-init[936]: |=o= BX==o        |
[   46.156915] cloud-init[936]: |X. ==OB+o=o      |
[   46.157141] cloud-init[936]: +----[SHA256]-----+
[   46.157368] cloud-init[936]: Generating public/private dsa key pair.
[   46.157598] cloud-init[936]: Your identification has been saved in /etc/ssh/ssh_host_dsa_key.
Starting iSCSI initiator daemon (iscsid)...
[[0;32m  OK  [0m] Reached target System Initialization.
[   46.164706] cloud-init[936]: Your public key has been saved in /etc/ssh/ssh_host_dsa_key.pub.
[   46.457182] cloud-init[936]: The key fingerprint is:
[[0;32m  OK  [0m[   46.460444] cloud-init[936]: SHA256:mwMITph01iYhMXCpRSNumyWZsLo/IXXgbx5ZltEhyPs root@ubuntu-xenial
[   46.461894] cloud-init[936]: The key's randomart image is:
[   46.462154] cloud-init[936]: +---[DSA 1024]----+
[   46.462368] cloud-init[936]: |=*=*o.....       |
[   46.462584] cloud-init[936]: |+*@ooo...        |
[   46.462795] cloud-init[936]: |+Xooo. o         |
[   46.463006] cloud-init[936]: |+oB.o.+          |
[   46.463223] cloud-init[936]: |.+.o.=. S        |
[   46.463434] cloud-init[936]: |... = E. o       |
[   46.463654] cloud-init[936]: |.. + .  +        |
[   46.463905] cloud-init[936]: | .. .    .       |
[   46.464119] cloud-init[936]: |  ..             |
[   46.464336] cloud-init[936]: +----[SHA256]-----+
] Started Daily Cleanup of Temporary Directories.
[   46.464631] cloud-init[936]: Generating public/private ecdsa key pair.
[   46.502561] cloud-init[936]: Your identification has been saved in /etc/ssh/ssh_host_ecdsa_key.
[   46.503325] cloud-init[936]: Your public key has been saved in /etc/ssh/ssh_host_ecdsa_key.pub.
[[0;32m  OK  [0m] Started Daily apt download activities.
[   46.504530] [[0;32m  OK  [0m] Started Daily apt upgrade and clean activities.
cloud-init[936]: The key fingerprint is:
         Starting LXD - unix socket.
[[0;32m  OK  [0m] Listening on ACPID Listen Socket.
[[0;32m  OK  [0m] Listening on D-Bus System Message Bus Socket.
[[0;32m  OK  [0m] Reached target Timers.
[   46.555174] cloud-init[936]: SHA256:0INIlL8R/ruvayc12tZXJ0oKAnPAA5FRnP/6YBCIbkU root@ubuntu-xenial
[   46.586744] cloud-init[936]: The key's randomart image is:
[[0;32m  OK  [0m] Listening on UUID daemon activation socket.
[   46.592006] cloud-init[936]: +---[ECDSA 256]---+
[   46.615066] cloud-init[936]: |  +E+o           |
[   46.618935] cloud-init[936]: [[0;32m  OK  [0m] Started ACPI Events Check.
[[0;32m  OK  [0m] Reached target Paths.
         Starting Socket activation for snappy daemon.
| .ooB..o         |
[   46.627047] cloud-init[936]: |. ..o*o.o        |
[   46.635615] cloud-init[936]: |. . o.*. .       |
[   46.639880] cloud-init[936]: | o  .+ =S        |
[   46.649294] cloud-init[936]: |.    .o + o . . o|
[   46.662306] cloud-init[936]: |      oo * = . o.|
[   46.665443] cloud-init[936]: |     ...= = o .  |
[[0;32m  OK  [0m] Reached target Cloud-config availability.
[   46.673643] cloud-init[936]: |       o=O.  .   |
[   46.682231] cloud-init[936]: +----[SHA256]-----+
[   46.694407] cloud-init[936]: Generating public/private ed25519 key pair.
[[0;32m  OK  [0m] Listening on LXD - unix socket.
[[0;32m  OK  [0m] Listening on Socket activation for snappy daemon.
[   46.711740] cloud-init[936]: Your identification has been saved in /etc/ssh/ssh_host_ed25519_key.
[[0;32m  OK  [0m] Reached target Sockets.
[[   46.836255] cloud-init[936]: Your public key has been saved in /etc/ssh/ssh_host_ed25519_key.pub.
[   46.843840] [0;32m  OK  [0m] Reached target Basic System.
[cloud-init[936]: The key fingerprint is:
[   46.854150] cloud-init[936]: SHA256:K4Up4BZClwE08DRwVg1RFsvI+dEb5oE7bbAmNUaJkLY root@ubuntu-xenial[0;32m  OK  [0m] Started Deferred execution scheduler.

[   46.888413] cloud-init[936]: The key's randomart image is:
[   46.900607] cloud-init[936]: +--[ED25519 256]--+
[   46.907211] cloud-init[936]: |=*B***=o         |
[   46.918869] cloud-init[936]: |.==+.*o+         |
         Starting Virtualbox guest utils...
[   46.973232] cloud-init[936]: |..+.+ X =        |
[   47.012835] cloud-init[936]: | oEo + % +       |
[[0;32m  OK  [0m] Started ACPI event daemon.
         Starting Accounts Service...
[   47.084394] cloud-init[936]: |  o o O S        |
[   47.218233] cloud-init[936]: | .   + + .       |
[   47.301911] cloud-init[936]: |      . .        |
[[0;32m  OK  [0m] [   47.316689] cloud-init[936]: |       .         |
Started D-Bus System Message Bus.
[   47.387216] cloud-init[936]: |                 |
[   47.446157] cloud-init[936]: +----[SHA256]-----+
         Starting System Logging Service...
         Starting Login Service...
[[0;32m  OK  [0m] Started FUSE filesystem for LXC.
         Starting LSB: MD monitoring daemon...
[[0;32m  OK  [0m] Started Regular background program processing daemon.
         Starting LXD - container startup/shutdown...
         Starting LSB: Record successful boot for GRUB...
         Starting Pollinate to seed the pseudo random number generator...
         Starting /etc/rc.local Compatibility...
         Starting Snappy daemon...
[[0;32m  OK  [0m] Started iSCSI initiator daemon (iscsid).
[[0;32m  OK  [0m] Started /etc/rc.local Compatibility.
[[0;32m  OK  [0m] Started System Logging Service.
         Starting Login to default iSCSI targets...
[[0;32m  OK  [0m] Started Login Service.
[[0;32m  OK  [0m] Started Unattended Upgrades Shutdown.
         Starting Authenticate and Authorize Users to Run Privileged Tasks...
[[0;32m  OK  [0m] Started Authenticate and Authorize Users to Run Privileged Tasks.
[[0;32m  OK  [0m] Started Accounts Service.
[[0;32m  OK  [0m] Started Login to default iSCSI targets.
[[0;32m  OK  [0m] Reached target Remote File Systems (Pre).
[[0;32m  OK  [0m] Reached target Remote File Systems.
         Starting LSB: daemon to balance interrupts for SMP systems...
         Starting LSB: Set the CPU Frequency Scaling governor to "ondemand"...
         Starting Permit User Sessions...
         Starting LSB: automatic crash report generation...
[[0;32m  OK  [0m] Started LSB: MD monitoring daemon.
[[0;32m  OK  [0m] Started Permit User Sessions.
         Starting Terminate Plymouth Boot Screen...
         Starting Hold until boot process finishes up...
[[0;32m  OK  [0m] Started Terminate Plymouth Boot Screen.
[[0;32m  OK  [0m] Started Hold until boot process finishes up.
[[0;32m  OK  [0m] Started Getty on tty1.
         Starting Set console scheme...
[[0;32m  OK  [0m] Started Serial Getty on ttyS0.
[[0;32m  OK  [0m] Reached target Login Prompts.
[[0;32m  OK  [0m] Started LXD - container startup/shutdown.
[[0;32m  OK  [0m] Started LSB: Record successful boot for GRUB.
[[0;32m  OK  [0m] Started Set console scheme.
[[0;32m  OK  [0m] Started LSB: Set the CPU Frequency Scaling governor to "ondemand".
[[0;32m  OK  [0m] Started LSB: automatic crash report generation.
[[0;32m  OK  [0m] Started LSB: daemon to balance interrupts for SMP systems.
[[0;32m  OK  [0m] Started Virtualbox guest utils.
[[0;32m  OK  [0m] Started Snappy daemon.
         Starting Wait until snapd is fully seeded...
[[0;32m  OK  [0m] Started Pollinate to seed the pseudo random number generator.
         Starting OpenBSD Secure Shell server...

Ubuntu 16.04.6 LTS ubuntu-xenial ttyS0

ubuntu-xenial login: [   64.284623] cloud-init[1344]: Generating locales (this might take a while)...
[   71.877721] cloud-init[1344]:   en_US.UTF-8... done
[   71.879166] cloud-init[1344]: Generation complete.
[   76.020427] cloud-init[1344]: Cloud-init v. 19.1-1-gbaa47854-0ubuntu1~16.04.1 running 'modules:config' at Fri, 23 Aug 2019 17:06:54 +0000. Up 62.77 seconds.
ci-info: no authorized ssh keys fingerprints found for user ubuntu.
<14>Aug 23 17:07:10 ec2: 
<14>Aug 23 17:07:10 ec2: #############################################################
<14>Aug 23 17:07:10 ec2: -----BEGIN SSH HOST KEY FINGERPRINTS-----
<14>Aug 23 17:07:10 ec2: 1024 SHA256:mwMITph01iYhMXCpRSNumyWZsLo/IXXgbx5ZltEhyPs root@ubuntu-xenial (DSA)
<14>Aug 23 17:07:10 ec2: 256 SHA256:0INIlL8R/ruvayc12tZXJ0oKAnPAA5FRnP/6YBCIbkU root@ubuntu-xenial (ECDSA)
<14>Aug 23 17:07:10 ec2: 256 SHA256:K4Up4BZClwE08DRwVg1RFsvI+dEb5oE7bbAmNUaJkLY root@ubuntu-xenial (ED25519)
<14>Aug 23 17:07:10 ec2: 2048 SHA256:ifhLLLMr9/Dqk7SJCYmbqumAK9D49zSl2y/2KsbjlPU root@ubuntu-xenial (RSA)
<14>Aug 23 17:07:10 ec2: -----END SSH HOST KEY FINGERPRINTS-----
<14>Aug 23 17:07:10 ec2: #############################################################
-----BEGIN SSH HOST KEY KEYS-----
ecdsa-sha2-nistp256 AAAAE2VjZHNhLXNoYTItbmlzdHAyNTYAAAAIbmlzdHAyNTYAAABBBEtQqEvdkQP2HZ7jf5fsf0GijCdpIP+ovIrHdREqvlyNbm2SegpG1xyu5BNSqU9njVnrkOkGdqgDXpBfekg95aM= root@ubuntu-xenial
ssh-ed25519 AAAAC3NzaC1lZDI1NTE5AAAAIByFRzNfp3WrCONAkjbJt4kGP5RSbP7DwPgbi/6SNrBO root@ubuntu-xenial
ssh-rsa AAAAB3NzaC1yc2EAAAADAQABAAABAQDMmpceqb527Ga4fDoZASwXaJuTRsDEv2OvUG4baCkBp74erWREmOMl647TYd3FbTSype2giM2aw6jd/TsFqfM+MJfCV1f78DrAeWHi6HGj0YNbF/LxqR6CGeHQ9+jxXxdt3V9G92JTbb3phEfg5gHw2ZwlQla1Wt96H7mqBI3U435z6aCZRjS8g8lSfHW/nrNnkGz2M69gkCocIFPqnT3anJGzgF1B4rMGw+FxQEpNRFCygqIRmcvNK6YkuAD3+bMbjN4uGBOkO2kud72cyVBZNsI3mHB1aHvW9RVMigevG7GcfcINNhG4IoERjg5Voi6t9jhF7kog/ZfO2L++F2sr root@ubuntu-xenial
-----END SSH HOST KEY KEYS-----
[   80.170378] cloud-init[1543]: Cloud-init v. 19.1-1-gbaa47854-0ubuntu1~16.04.1 running 'modules:final' at Fri, 23 Aug 2019 17:07:10 +0000. Up 78.39 seconds.
[   80.171803] cloud-init[1543]: ci-info: no authorized ssh keys fingerprints found for user ubuntu.
[   80.172402] cloud-init[1543]: Cloud-init v. 19.1-1-gbaa47854-0ubuntu1~16.04.1 finished at Fri, 23 Aug 2019 17:07:11 +0000. Datasource DataSourceNoCloud [seed=/dev/sdb][dsmode=net].  Up 80.08 seconds
